--- Running Telemetry Demo ---
WARDEN INIT WARNING: Failed to read policy from ./policy.cedar (No such file or directory (os error 44)). Defaulting to DENY ALL.
[WARDEN AUDIT] {"timestamp": 1785870102, "module": "telemetry-demo", "action": "env_read", "resource": "environment", "decision": "DENY"}
[WARDEN AUDIT] {"timestamp": 1785870102, "module": "telemetry-demo", "action": "env_read", "resource": "environment", "decision": "DENY"}
[WARDEN AUDIT] {"timestamp": 1785870102, "module": "telemetry-demo", "action": "env_read", "resource": "environment", "decision": "DENY"}
[WARDEN AUDIT] {"timestamp": 1785870102, "module": "telemetry-demo", "action": "env_read", "resource": "environment", "decision": "DENY"}
[WARDEN AUDIT] {"timestamp": 1785870102, "module": "telemetry-demo", "action": "env_read", "resource": "environment", "decision": "DENY"}
[WARDEN AUDIT] {"timestamp": 1785870102, "module": "telemetry-demo", "action": "env_read", "resource": "environment", "decision": "DENY"}
[WARDEN AUDIT] {"timestamp": 1785870102, "module": "telemetry-demo", "action": "env_read", "resource": "environment", "decision": "DENY"}
[WARDEN AUDIT] {"timestamp": 1785870102, "module": "telemetry-demo", "action": "env_read", "resource": "environment", "decision": "DENY"}
[WARDEN AUDIT] {"timestamp": 1785870102, "module": "telemetry-demo", "action": "env_read", "resource": "environment", "decision": "DENY"}
[WARDEN AUDIT] {"timestamp": 1785870102, "module": "telemetry-demo", "action": "env_read", "resource": "environment", "decision": "DENY"}
[WARDEN AUDIT] {"timestamp": 1785870102, "module": "telemetry-demo", "action": "env_read", "resource": "environment", "decision": "DENY"}
[WARDEN AUDIT] {"timestamp": 1785870102, "module": "telemetry-demo", "action": "env_read", "resource": "environment", "decision": "DENY"}
[WARDEN AUDIT] {"timestamp": 1785870102, "module": "telemetry-demo", "action": "env_read", "resource": "environment", "decision": "DENY"}
[WARDEN AUDIT] {"timestamp": 1785870102, "module": "telemetry-demo", "action": "env_read", "resource": "environment", "decision": "DENY"}
[WARDEN AUDIT] {"timestamp": 1785870102, "module": "telemetry-demo", "action": "env_read", "resource": "environment", "decision": "DENY"}
[WARDEN AUDIT] {"timestamp": 1785870102, "module": "telemetry-demo", "action": "env_read", "resource": "environment", "decision": "DENY"}
[WARDEN AUDIT] {"timestamp": 1785870102, "module": "telemetry-demo", "action": "env_read", "resource": "environment", "decision": "DENY"}
[WARDEN AUDIT] {"timestamp": 1785870102, "module": "telemetry-demo", "action": "env_read", "resource": "environment", "decision": "DENY"}
[WARDEN AUDIT] {"timestamp": 1785870102, "module": "telemetry-demo", "action": "env_read", "resource": "environment", "decision": "DENY"}
[WARDEN AUDIT] {"timestamp": 1785870102, "module": "telemetry-demo", "action": "env_read", "resource": "environment", "decision": "DENY"}
[WARDEN AUDIT] {"timestamp": 1785870102, "module": "telemetry-demo", "action": "env_read", "resource": "environment", "decision": "DENY"}
[WARDEN AUDIT] {"timestamp": 1785870102, "module": "telemetry-demo", "action": "env_read", "resource": "environment", "decision": "DENY"}
[WARDEN AUDIT] {"timestamp": 1785870102, "module": "telemetry-demo", "action": "env_read", "resource": "environment", "decision": "DENY"}
[WARDEN AUDIT] {"timestamp": 1785870102, "module": "telemetry-demo", "action": "env_read", "resource": "environment", "decision": "DENY"}
[WARDEN AUDIT] {"timestamp": 1785870102, "module": "telemetry-demo", "action": "env_read", "resource": "environment", "decision": "DENY"}
[WARDEN AUDIT] {"timestamp": 1785870102, "module": "telemetry-demo", "action": "env_read", "resource": "environment", "decision": "DENY"}
[WARDEN AUDIT] {"timestamp": 1785870102, "module": "telemetry-demo", "action": "env_read", "resource": "environment", "decision": "DENY"}
[WARDEN AUDIT] {"timestamp": 1785870102, "module": "telemetry-demo", "action": "env_read", "resource": "environment", "decision": "DENY"}
[WARDEN AUDIT] {"timestamp": 1785870102, "module": "telemetry-demo", "action": "env_read", "resource": "environment", "decision": "DENY"}
[WARDEN AUDIT] {"timestamp": 1785870102, "module": "telemetry-demo", "action": "env_read", "resource": "environment", "decision": "DENY"}
[WARDEN AUDIT] {"timestamp": 1785870102, "module": "telemetry-demo", "action": "env_read", "resource": "environment", "decision": "DENY"}
[WARDEN AUDIT] {"timestamp": 1785870102, "module": "telemetry-demo", "action": "env_read", "resource": "environment", "decision": "DENY"}
[WARDEN AUDIT] {"timestamp": 1785870102, "module": "telemetry-demo", "action": "env_read", "resource": "environment", "decision": "DENY"}
[WARDEN AUDIT] {"timestamp": 1785870102, "module": "telemetry-demo", "action": "env_read", "resource": "environment", "decision": "DENY"}
[WARDEN AUDIT] {"timestamp": 1785870102, "module": "telemetry-demo", "action": "env_read", "resource": "environment", "decision": "DENY"}
[WARDEN AUDIT] {"timestamp": 1785870102, "module": "telemetry-demo", "action": "env_read", "resource": "environment", "decision": "DENY"}
[WARDEN AUDIT] {"timestamp": 1785870102, "module": "telemetry-demo", "action": "env_read", "resource": "environment", "decision": "DENY"}
[WARDEN AUDIT] {"timestamp": 1785870102, "module": "telemetry-demo", "action": "env_read", "resource": "environment", "decision": "DENY"}
[WARDEN AUDIT] {"timestamp": 1785870102, "module": "telemetry-demo", "action": "env_read", "resource": "environment", "decision": "DENY"}
[WARDEN AUDIT] {"timestamp": 1785870102, "module": "telemetry-demo", "action": "env_read", "resource": "environment", "decision": "DENY"}
[WARDEN AUDIT] {"timestamp": 1785870102, "module": "telemetry-demo", "action": "env_read", "resource": "environment", "decision": "DENY"}
[WARDEN AUDIT] {"timestamp": 1785870102, "module": "telemetry-demo", "action": "env_read", "resource": "environment", "decision": "DENY"}
[WARDEN AUDIT] {"timestamp": 1785870102, "module": "telemetry-demo", "action": "env_read", "resource": "environment", "decision": "DENY"}
[WARDEN AUDIT] {"timestamp": 1785870102, "module": "telemetry-demo", "action": "env_read", "resource": "environment", "decision": "DENY"}
[WARDEN AUDIT] {"timestamp": 1785870102, "module": "telemetry-demo", "action": "env_read", "resource": "environment", "decision": "DENY"}
[WARDEN AUDIT] {"timestamp": 1785870102, "module": "telemetry-demo", "action": "env_read", "resource": "environment", "decision": "DENY"}
[WARDEN AUDIT] {"timestamp": 1785870102, "module": "telemetry-demo", "action": "env_read", "resource": "environment", "decision": "DENY"}
[WARDEN AUDIT] {"timestamp": 1785870102, "module": "telemetry-demo", "action": "env_read", "resource": "environment", "decision": "DENY"}
[WARDEN AUDIT] {"timestamp": 1785870102, "module": "telemetry-demo", "action": "env_read", "resource": "environment", "decision": "DENY"}
[WARDEN AUDIT] {"timestamp": 1785870102, "module": "telemetry-demo", "action": "dns_lookup", "resource": "network", "decision": "DENY"}
[WARDEN AUDIT] {"timestamp": 1785870102, "module": "telemetry-demo", "action": "socket_connect", "resource": "network", "decision": "DENY"}
[WARDEN AUDIT] {"timestamp": 1785870102, "module": "telemetry-demo", "action": "socket_connect", "resource": "network", "decision": "DENY"}
[WARDEN AUDIT] {"timestamp": 1785870102, "module": "telemetry-demo", "action": "socket_connect", "resource": "network", "decision": "DENY"}
Analysis Result: EnvAllow:FAIL, EnvDeny:PASS, FsAllow:FAIL, FsDeny:FAIL, DnsAllow:FAIL, TcpAllow:FAIL, TcpDeny:PASS, UdpAllow:FAIL
Success
