Host [index.js]: Invoking exported processData function...
Guest [data-processor]: Received input: Hello Virtualizer!
Guest [data-processor]: Attempting to read local file 'config.json'
Guest [data-processor]: Attempting to read environment
[WARDEN AUDIT] {"timestamp": 1785870104, "module": "telemetry-demo", "action": "env_read", "resource": "environment", "decision": "DENY"}
[WARDEN AUDIT] {"timestamp": 1785870104, "module": "telemetry-demo", "action": "env_read", "resource": "environment", "decision": "DENY"}
[WARDEN AUDIT] {"timestamp": 1785870104, "module": "telemetry-demo", "action": "env_read", "resource": "environment", "decision": "DENY"}
[WARDEN AUDIT] {"timestamp": 1785870104, "module": "telemetry-demo", "action": "env_read", "resource": "environment", "decision": "DENY"}
[WARDEN AUDIT] {"timestamp": 1785870104, "module": "telemetry-demo", "action": "env_read", "resource": "environment", "decision": "DENY"}
[WARDEN AUDIT] {"timestamp": 1785870104, "module": "telemetry-demo", "action": "env_read", "resource": "environment", "decision": "DENY"}
[WARDEN AUDIT] {"timestamp": 1785870104, "module": "telemetry-demo", "action": "env_read", "resource": "environment", "decision": "DENY"}
[WARDEN AUDIT] {"timestamp": 1785870104, "module": "telemetry-demo", "action": "env_read", "resource": "environment", "decision": "DENY"}
[WARDEN AUDIT] {"timestamp": 1785870104, "module": "telemetry-demo", "action": "env_read", "resource": "environment", "decision": "DENY"}
[WARDEN AUDIT] {"timestamp": 1785870104, "module": "telemetry-demo", "action": "env_read", "resource": "environment", "decision": "DENY"}
[WARDEN AUDIT] {"timestamp": 1785870104, "module": "telemetry-demo", "action": "env_read", "resource": "environment", "decision": "DENY"}
[WARDEN AUDIT] {"timestamp": 1785870104, "module": "telemetry-demo", "action": "env_read", "resource": "environment", "decision": "DENY"}
[WARDEN AUDIT] {"timestamp": 1785870104, "module": "telemetry-demo", "action": "env_read", "resource": "environment", "decision": "DENY"}
[WARDEN AUDIT] {"timestamp": 1785870104, "module": "telemetry-demo", "action": "env_read", "resource": "environment", "decision": "DENY"}
[WARDEN AUDIT] {"timestamp": 1785870104, "module": "telemetry-demo", "action": "env_read", "resource": "environment", "decision": "DENY"}
[WARDEN AUDIT] {"timestamp": 1785870104, "module": "telemetry-demo", "action": "env_read", "resource": "environment", "decision": "DENY"}
[WARDEN AUDIT] {"timestamp": 1785870104, "module": "telemetry-demo", "action": "env_read", "resource": "environment", "decision": "DENY"}
[WARDEN AUDIT] {"timestamp": 1785870104, "module": "telemetry-demo", "action": "env_read", "resource": "environment", "decision": "DENY"}
[WARDEN AUDIT] {"timestamp": 1785870104, "module": "telemetry-demo", "action": "env_read", "resource": "environment", "decision": "DENY"}
[WARDEN AUDIT] {"timestamp": 1785870104, "module": "telemetry-demo", "action": "env_read", "resource": "environment", "decision": "DENY"}
[WARDEN AUDIT] {"timestamp": 1785870104, "module": "telemetry-demo", "action": "env_read", "resource": "environment", "decision": "DENY"}
[WARDEN AUDIT] {"timestamp": 1785870104, "module": "telemetry-demo", "action": "env_read", "resource": "environment", "decision": "ALLOW"}
[WARDEN AUDIT] {"timestamp": 1785870104, "module": "telemetry-demo", "action": "env_read", "resource": "environment", "decision": "DENY"}
[WARDEN AUDIT] {"timestamp": 1785870104, "module": "telemetry-demo", "action": "env_read", "resource": "environment", "decision": "DENY"}
[WARDEN AUDIT] {"timestamp": 1785870104, "module": "telemetry-demo", "action": "env_read", "resource": "environment", "decision": "DENY"}
[WARDEN AUDIT] {"timestamp": 1785870104, "module": "telemetry-demo", "action": "env_read", "resource": "environment", "decision": "DENY"}
[WARDEN AUDIT] {"timestamp": 1785870104, "module": "telemetry-demo", "action": "env_read", "resource": "environment", "decision": "DENY"}
[WARDEN AUDIT] {"timestamp": 1785870104, "module": "telemetry-demo", "action": "env_read", "resource": "environment", "decision": "DENY"}
[WARDEN AUDIT] {"timestamp": 1785870104, "module": "telemetry-demo", "action": "env_read", "resource": "environment", "decision": "DENY"}
[WARDEN AUDIT] {"timestamp": 1785870104, "module": "telemetry-demo", "action": "env_read", "resource": "environment", "decision": "DENY"}
[WARDEN AUDIT] {"timestamp": 1785870104, "module": "telemetry-demo", "action": "env_read", "resource": "environment", "decision": "DENY"}
[WARDEN AUDIT] {"timestamp": 1785870104, "module": "telemetry-demo", "action": "env_read", "resource": "environment", "decision": "DENY"}
[WARDEN AUDIT] {"timestamp": 1785870104, "module": "telemetry-demo", "action": "env_read", "resource": "environment", "decision": "DENY"}
[WARDEN AUDIT] {"timestamp": 1785870104, "module": "telemetry-demo", "action": "env_read", "resource": "environment", "decision": "DENY"}
[WARDEN AUDIT] {"timestamp": 1785870104, "module": "telemetry-demo", "action": "env_read", "resource": "environment", "decision": "DENY"}
[WARDEN AUDIT] {"timestamp": 1785870104, "module": "telemetry-demo", "action": "env_read", "resource": "environment", "decision": "DENY"}
[WARDEN AUDIT] {"timestamp": 1785870104, "module": "telemetry-demo", "action": "env_read", "resource": "environment", "decision": "DENY"}
[WARDEN AUDIT] {"timestamp": 1785870104, "module": "telemetry-demo", "action": "env_read", "resource": "environment", "decision": "DENY"}
[WARDEN AUDIT] {"timestamp": 1785870104, "module": "telemetry-demo", "action": "env_read", "resource": "environment", "decision": "DENY"}
[WARDEN AUDIT] {"timestamp": 1785870104, "module": "telemetry-demo", "action": "env_read", "resource": "environment", "decision": "DENY"}
[WARDEN AUDIT] {"timestamp": 1785870104, "module": "telemetry-demo", "action": "env_read", "resource": "environment", "decision": "DENY"}
[WARDEN AUDIT] {"timestamp": 1785870104, "module": "telemetry-demo", "action": "env_read", "resource": "environment", "decision": "DENY"}
[WARDEN AUDIT] {"timestamp": 1785870104, "module": "telemetry-demo", "action": "env_read", "resource": "environment", "decision": "DENY"}
[WARDEN AUDIT] {"timestamp": 1785870104, "module": "telemetry-demo", "action": "env_read", "resource": "environment", "decision": "DENY"}
[WARDEN AUDIT] {"timestamp": 1785870104, "module": "telemetry-demo", "action": "env_read", "resource": "environment", "decision": "DENY"}
[WARDEN AUDIT] {"timestamp": 1785870104, "module": "telemetry-demo", "action": "env_read", "resource": "environment", "decision": "DENY"}
[WARDEN AUDIT] {"timestamp": 1785870104, "module": "telemetry-demo", "action": "env_read", "resource": "environment", "decision": "DENY"}
[WARDEN AUDIT] {"timestamp": 1785870104, "module": "telemetry-demo", "action": "env_read", "resource": "environment", "decision": "DENY"}
[WARDEN AUDIT] {"timestamp": 1785870104, "module": "telemetry-demo", "action": "env_read", "resource": "environment", "decision": "DENY"}
[WARDEN AUDIT] {"timestamp": 1785870104, "module": "telemetry-demo", "action": "env_read", "resource": "environment", "decision": "DENY"}
[WARDEN AUDIT] {"timestamp": 1785870104, "module": "telemetry-demo", "action": "env_read", "resource": "environment", "decision": "DENY"}
Host [index.js]: Received result:
Processed 'Hello Virtualizer!' | FS Preopen: EMPTY | ENV SECRET_KEY: ALLOWED
