--- Running Telemetry Demo ---
[WARDEN AUDIT] {"timestamp": 1785787206, "module": "telemetry-demo", "action": "env_read", "resource": "environment", "decision": "DENY"}
[WARDEN AUDIT] {"timestamp": 1785787206, "module": "telemetry-demo", "action": "env_read", "resource": "environment", "decision": "DENY"}
[WARDEN AUDIT] {"timestamp": 1785787206, "module": "telemetry-demo", "action": "env_read", "resource": "environment", "decision": "DENY"}
[WARDEN AUDIT] {"timestamp": 1785787206, "module": "telemetry-demo", "action": "env_read", "resource": "environment", "decision": "DENY"}
[WARDEN AUDIT] {"timestamp": 1785787206, "module": "telemetry-demo", "action": "env_read", "resource": "environment", "decision": "DENY"}
[WARDEN AUDIT] {"timestamp": 1785787206, "module": "telemetry-demo", "action": "env_read", "resource": "environment", "decision": "DENY"}
[WARDEN AUDIT] {"timestamp": 1785787206, "module": "telemetry-demo", "action": "env_read", "resource": "environment", "decision": "DENY"}
[WARDEN AUDIT] {"timestamp": 1785787206, "module": "telemetry-demo", "action": "env_read", "resource": "environment", "decision": "DENY"}
[WARDEN AUDIT] {"timestamp": 1785787206, "module": "telemetry-demo", "action": "env_read", "resource": "environment", "decision": "DENY"}
[WARDEN AUDIT] {"timestamp": 1785787206, "module": "telemetry-demo", "action": "env_read", "resource": "environment", "decision": "DENY"}
[WARDEN AUDIT] {"timestamp": 1785787206, "module": "telemetry-demo", "action": "env_read", "resource": "environment", "decision": "DENY"}
[WARDEN AUDIT] {"timestamp": 1785787206, "module": "telemetry-demo", "action": "env_read", "resource": "environment", "decision": "DENY"}
[WARDEN AUDIT] {"timestamp": 1785787206, "module": "telemetry-demo", "action": "env_read", "resource": "environment", "decision": "DENY"}
[WARDEN AUDIT] {"timestamp": 1785787206, "module": "telemetry-demo", "action": "env_read", "resource": "environment", "decision": "DENY"}
[WARDEN AUDIT] {"timestamp": 1785787206, "module": "telemetry-demo", "action": "env_read", "resource": "environment", "decision": "DENY"}
[WARDEN AUDIT] {"timestamp": 1785787206, "module": "telemetry-demo", "action": "env_read", "resource": "environment", "decision": "DENY"}
[WARDEN AUDIT] {"timestamp": 1785787206, "module": "telemetry-demo", "action": "env_read", "resource": "environment", "decision": "DENY"}
[WARDEN AUDIT] {"timestamp": 1785787206, "module": "telemetry-demo", "action": "env_read", "resource": "environment", "decision": "DENY"}
[WARDEN AUDIT] {"timestamp": 1785787206, "module": "telemetry-demo", "action": "env_read", "resource": "environment", "decision": "DENY"}
[WARDEN AUDIT] {"timestamp": 1785787206, "module": "telemetry-demo", "action": "env_read", "resource": "environment", "decision": "DENY"}
[WARDEN AUDIT] {"timestamp": 1785787206, "module": "telemetry-demo", "action": "env_read", "resource": "environment", "decision": "DENY"}
[WARDEN AUDIT] {"timestamp": 1785787206, "module": "telemetry-demo", "action": "env_read", "resource": "environment", "decision": "DENY"}
[WARDEN AUDIT] {"timestamp": 1785787206, "module": "telemetry-demo", "action": "env_read", "resource": "environment", "decision": "DENY"}
[WARDEN AUDIT] {"timestamp": 1785787206, "module": "telemetry-demo", "action": "env_read", "resource": "environment", "decision": "DENY"}
[WARDEN AUDIT] {"timestamp": 1785787206, "module": "telemetry-demo", "action": "env_read", "resource": "environment", "decision": "DENY"}
[WARDEN AUDIT] {"timestamp": 1785787206, "module": "telemetry-demo", "action": "env_read", "resource": "environment", "decision": "DENY"}
[WARDEN AUDIT] {"timestamp": 1785787206, "module": "telemetry-demo", "action": "env_read", "resource": "environment", "decision": "DENY"}
[WARDEN AUDIT] {"timestamp": 1785787206, "module": "telemetry-demo", "action": "env_read", "resource": "environment", "decision": "DENY"}
[WARDEN AUDIT] {"timestamp": 1785787206, "module": "telemetry-demo", "action": "env_read", "resource": "environment", "decision": "DENY"}
[WARDEN AUDIT] {"timestamp": 1785787206, "module": "telemetry-demo", "action": "env_read", "resource": "environment", "decision": "DENY"}
[WARDEN AUDIT] {"timestamp": 1785787206, "module": "telemetry-demo", "action": "env_read", "resource": "environment", "decision": "DENY"}
[WARDEN AUDIT] {"timestamp": 1785787206, "module": "telemetry-demo", "action": "env_read", "resource": "environment", "decision": "DENY"}
[WARDEN AUDIT] {"timestamp": 1785787206, "module": "telemetry-demo", "action": "env_read", "resource": "environment", "decision": "DENY"}
[WARDEN AUDIT] {"timestamp": 1785787206, "module": "telemetry-demo", "action": "env_read", "resource": "environment", "decision": "DENY"}
[WARDEN AUDIT] {"timestamp": 1785787206, "module": "telemetry-demo", "action": "env_read", "resource": "environment", "decision": "DENY"}
[WARDEN AUDIT] {"timestamp": 1785787206, "module": "telemetry-demo", "action": "env_read", "resource": "environment", "decision": "DENY"}
[WARDEN AUDIT] {"timestamp": 1785787206, "module": "telemetry-demo", "action": "env_read", "resource": "environment", "decision": "DENY"}
[WARDEN AUDIT] {"timestamp": 1785787206, "module": "telemetry-demo", "action": "env_read", "resource": "environment", "decision": "DENY"}
[WARDEN AUDIT] {"timestamp": 1785787206, "module": "telemetry-demo", "action": "env_read", "resource": "environment", "decision": "DENY"}
[WARDEN AUDIT] {"timestamp": 1785787206, "module": "telemetry-demo", "action": "env_read", "resource": "environment", "decision": "DENY"}
[WARDEN AUDIT] {"timestamp": 1785787206, "module": "telemetry-demo", "action": "env_read", "resource": "environment", "decision": "DENY"}
[WARDEN AUDIT] {"timestamp": 1785787206, "module": "telemetry-demo", "action": "env_read", "resource": "environment", "decision": "DENY"}
[WARDEN AUDIT] {"timestamp": 1785787206, "module": "telemetry-demo", "action": "env_read", "resource": "environment", "decision": "DENY"}
[WARDEN AUDIT] {"timestamp": 1785787206, "module": "telemetry-demo", "action": "env_read", "resource": "environment", "decision": "DENY"}
[WARDEN AUDIT] {"timestamp": 1785787206, "module": "telemetry-demo", "action": "env_read", "resource": "environment", "decision": "DENY"}
[WARDEN AUDIT] {"timestamp": 1785787206, "module": "telemetry-demo", "action": "env_read", "resource": "environment", "decision": "DENY"}
[WARDEN AUDIT] {"timestamp": 1785787206, "module": "telemetry-demo", "action": "env_read", "resource": "environment", "decision": "DENY"}
[WARDEN AUDIT] {"timestamp": 1785787206, "module": "telemetry-demo", "action": "env_read", "resource": "environment", "decision": "DENY"}
[WARDEN AUDIT] {"timestamp": 1785787206, "module": "telemetry-demo", "action": "dns_lookup", "resource": "network", "decision": "ALLOW"}
WARDEN: Before inner.resolve_addresses for name: api.github.com
WARDEN: After inner.resolve_addresses. Result: true
[WARDEN AUDIT] {"timestamp": 1785787206, "module": "telemetry-demo", "action": "socket_connect", "resource": "network", "decision": "ALLOW"}
[WARDEN AUDIT] {"timestamp": 1785787206, "module": "telemetry-demo", "action": "socket_connect", "resource": "network", "decision": "DENY"}
[WARDEN AUDIT] {"timestamp": 1785787206, "module": "telemetry-demo", "action": "socket_connect", "resource": "network", "decision": "ALLOW"}
Analysis Result: EnvAllow:FAIL, EnvDeny:PASS, FsAllow:FAIL, FsDeny:FAIL, DnsAllow:PASS, TcpAllow:FAIL, TcpDeny:PASS, UdpAllow:PASS
Success
